// Jest Snapshot v1, https://goo.gl/fbAQLP

exports[`matches snapshot with logo 1`] = `
<DocumentFragment>
  <a
    class="CompanyCard"
    href="/companies/test-handle"
  >
    <div
      class="MuiPaper-root MuiPaper-elevation MuiPaper-rounded MuiPaper-elevation1 MuiCard-root css-pwngrv-MuiPaper-root-MuiCard-root"
    >
      <div
        class="MuiCardContent-root css-46bh2p-MuiCardContent-root"
      >
        <img
          alt="Test Company"
          class="MuiCardMedia-root MuiCardMedia-media MuiCardMedia-img css-o69gx8-MuiCardMedia-root"
          height="150"
        />
        <div
          class="MuiTypography-root MuiTypography-h5 css-ag7rrr-MuiTypography-root"
        >
          Test Company
        </div>
        <p
          class="MuiTypography-root MuiTypography-body2 css-e784if-MuiTypography-root"
        >
          This is a test description for Test Company
        </p>
      </div>
    </div>
  </a>
</DocumentFragment>
`;

exports[`matches snapshot without logo 1`] = `
<DocumentFragment>
  <a
    class="CompanyCard"
    href="/companies/test-handle"
  >
    <div
      class="MuiPaper-root MuiPaper-elevation MuiPaper-rounded MuiPaper-elevation1 MuiCard-root css-pwngrv-MuiPaper-root-MuiCard-root"
    >
      <div
        class="MuiCardContent-root css-46bh2p-MuiCardContent-root"
      >
        <img
          alt="Test Company"
          class="MuiCardMedia-root MuiCardMedia-media MuiCardMedia-img css-o69gx8-MuiCardMedia-root"
          height="150"
        />
        <div
          class="MuiTypography-root MuiTypography-h5 css-ag7rrr-MuiTypography-root"
        >
          Test Company
        </div>
        <p
          class="MuiTypography-root MuiTypography-body2 css-e784if-MuiTypography-root"
        >
          This is a test description for Test Company
        </p>
      </div>
    </div>
  </a>
</DocumentFragment>
`;
